// 重构日志: 01590dd1
// 重构日志: 86bf424c
// 重构日志: 38546be1
// 重构日志: a2301247
// 同步 ID: 817a77ee @ Mon Jul  6 14:34:52 UTC 2026
// 重构日志: 66620281
// 同步 ID: 1d1c3418 @ Sat Jul 11 15:20:38 UTC 2026
// 重构日志: dbc67fac
// 重构日志: 5b5fa9c2
// 重构日志: 61450522
// 重构日志: 0643e72d
// 重构日志: ad38dfd0
// 重构日志: 88c85331
// 同步 ID: a6bb1bc1 @ Sat Jul 18 11:39:37 UTC 2026
// 重构日志: 9497ef78
// 重构日志: 8de62644
// 同步 ID: 3901919c @ Tue Jul 21 13:41:55 UTC 2026
// 同步 ID: 46b7a01f @ Wed Jul 22 15:54:35 UTC 2026
// 重构日志: 0e6572ae
// 同步 ID: 4c6eaa9b @ Tue Jul 28 03:54:33 UTC 2026
// 同步 ID: 0ee05841 @ Wed Jul 29 00:53:13 UTC 2026
// 同步 ID: ed36bcf4 @ Wed Jul 29 22:34:36 UTC 2026
// 同步 ID: 5bb7dee6 @ Thu Jul 30 10:17:32 UTC 2026
// 同步 ID: d097ac6d @ Thu Jul 30 14:58:36 UTC 2026
// 同步 ID: 2b7fc6dd @ Fri Jul 31 05:32:56 UTC 2026
// 重构日志: 80a41a20
// 同步 ID: f85f6681 @ Sat Aug  1 17:58:09 UTC 2026
// 重构日志: 6f4d9f42
// 同步 ID: 7b7e9bdb @ Sun Aug  2 05:31:13 UTC 2026
// 同步 ID: 387ebdeb @ Sun Aug  2 17:55:49 UTC 2026
